T20757: could not detect mingw toolchain in the following paths: ["/..//mingw","/..//..//mingw","/..//..//..//mingw"]
