type GHC.Base.Functor.MonadPlus :: (* -> *) -> Constraint
class (GHC.Base.Functor.Alternative m, GHC.Base.Functor.Monad m) =>
      GHC.Base.Functor.MonadPlus m where
  ...
  mplus :: m a -> m a -> m a
type GHC.Base.Functor.MonadPlus :: (* -> *) -> Constraint
class (GHC.Base.Functor.Alternative m, GHC.Base.Functor.Monad m) =>
      GHC.Base.Functor.MonadPlus m where
  ...
  Control.Monad.mplus :: m a -> m a -> m a
