
<interactive>:1:1: error: [GHC-83865]
    • Expected kind ‘* -> k0’, but ‘Int’ has kind ‘*’
    • In the type ‘Int Int’
