
readFail015.hs:6:1: error: [GHC-58481]
    Parse error (possibly incorrect indentation or mismatched brackets).
    Expected one of '_', 'as', 'case', 'hiding', 'if', 'infix',
                    'infixl', 'infixr', 'let', 'qualified', ...

readFail015.hs:6:1: error: [GHC-58481]
    Parse error (possibly incorrect indentation or mismatched brackets).
    Expected one of '|', ')', ','
