
ImpSafe04.hs:10:1: error: [GHC-75165]
    Data.Word: Can't be safely imported!
    The package (ghc-internal-0.1.0.0) the module resides in isn't trusted.
