when making flags consistent: warning: [GHC-74335]
    Ignoring optimization flags since they are experimental for the byte-code interpreter. Pass -fno-unoptimized-core-for-interpreter to enable this feature.
