
mod76.hs:5:1: error: [GHC-58481] Parse error on input ‘module’.
