Warnings:
  Deprecated names: x "These are useless"
                    y "These are useless"
                    contains "Use `elem` instead."
  Deprecated exports: contains "Do not use"
trusted: none
require own pkg trusted: False
docs:
  Just module header:
         Nothing
       declaration docs:
         []
       arg docs:
         []
       documentation structure:
         avails:
           [contains]
       named chunks:
       haddock options:
       language:
         Nothing
       language extensions:
         MonomorphismRestriction
         MonoLocalBinds
         RelaxedPolyRec
         ForeignFunctionInterface
         ImplicitPrelude
         ScopedTypeVariables
         BangPatterns
         DisambiguateRecordFields
         NamedFieldPuns
         GADTs
         GADTSyntax
         DoAndIfThenElse
         ConstraintKinds
         PolyKinds
         DataKinds
         InstanceSigs
         StandaloneDeriving
         DeriveDataTypeable
         DeriveFunctor
         DeriveTraversable
         DeriveFoldable
         DeriveGeneric
         DeriveLift
         DerivingStrategies
         TypeSynonymInstances
         FlexibleContexts
         FlexibleInstances
         ConstrainedClassMethods
         MultiParamTypeClasses
         ExistentialQuantification
         EmptyDataDecls
         KindSignatures
         RoleAnnotations
         GeneralizedNewtypeDeriving
         PostfixOperators
         TupleSections
         PatternGuards
         RankNTypes
         TypeOperators
         ExplicitNamespaces
         ExplicitForAll
         TraditionalRecordSyntax
         LambdaCase
         BinaryLiterals
         HexFloatLiterals
         EmptyCase
         NamedWildCards
         TypeApplications
         EmptyDataDeriving
         NumericUnderscores
         StarIsType
         ImportQualifiedPost
         StandaloneKindSignatures
         FieldSelectors
extensible fields:

