T16846: Prelude.undefined
CallStack (from HasCallStack):
  undefined, called at T16846.hs:22:3 in main:Main
HasCallStack backtrace:
CallStack (from HasCallStack):
  collectBacktraces, called at libraries/ghc-internal/src/GHC/Exception.hs:88:13 in ghc-internal:GHC.Exception
  toExceptionWithBacktrace, called at libraries/ghc-internal/src/GHC/Exception.hs:124:3 in ghc-internal:GHC.Exception



