
T11663.hs:6:12: error: [GHC-74097]
    Illegal type signature: ‘Int’
    Suggested fix: Perhaps you intended to use PatternSignatures

T11663.hs:7:9: error: [GHC-74097]
    Illegal type signature: ‘Int’
    Suggested fix: Perhaps you intended to use PatternSignatures

T11663.hs:8:22: error: [GHC-74097]
    Illegal type signature: ‘Int’
    Suggested fix: Perhaps you intended to use PatternSignatures

T11663.hs:9:32: error: [GHC-74097]
    Illegal type signature: ‘Int’
    Suggested fix: Perhaps you intended to use PatternSignatures
