
T13064.hs:5:21: warning: [-Wunused-explicit-imports (in -Wextra, -Wunused-imports)]
    The import of ‘pure’ from module ‘Prelude’ is redundant
