[1 of 2] Compiling TestStub016      ( F016.hs, F016.o )
[2 of 2] Linking libfoo.so
Result 6