
==================== Derived instances ====================

Derived type family instances:
  type GHC.Generics.Internal.Rep
         (T10604_deriving.Empty a) = GHC.Generics.Internal.D1
                                       @{*}
                                       ('GHC.Generics.Internal.MetaData
                                          "Empty" "T10604_deriving" "main" 'GHC.Types.False)
                                       (GHC.Generics.Internal.V1 @(*))
  type GHC.Generics.Internal.Rep1
         @GHC.Types.Bool T10604_deriving.Empty = GHC.Generics.Internal.D1
                                                   @{GHC.Types.Bool}
                                                   ('GHC.Generics.Internal.MetaData
                                                      "Empty"
                                                      "T10604_deriving"
                                                      "main"
                                                      'GHC.Types.False)
                                                   (GHC.Generics.Internal.V1 @GHC.Types.Bool)



==================== Derived instances ====================

Derived type family instances:
  type GHC.Generics.Internal.Rep
         (T10604_deriving.Proxy @k a) = GHC.Generics.Internal.D1
                                          @{*}
                                          ('GHC.Generics.Internal.MetaData
                                             "Proxy" "T10604_deriving" "main" 'GHC.Types.False)
                                          (GHC.Generics.Internal.C1
                                             @{*}
                                             ('GHC.Generics.Internal.MetaCons
                                                "Proxy"
                                                'GHC.Generics.Internal.PrefixI
                                                'GHC.Types.False)
                                             (GHC.Generics.Internal.U1 @(*)))
  type GHC.Generics.Internal.Rep1
         @k (T10604_deriving.Proxy @k) = GHC.Generics.Internal.D1
                                           @{k}
                                           ('GHC.Generics.Internal.MetaData
                                              "Proxy" "T10604_deriving" "main" 'GHC.Types.False)
                                           (GHC.Generics.Internal.C1
                                              @{k}
                                              ('GHC.Generics.Internal.MetaCons
                                                 "Proxy"
                                                 'GHC.Generics.Internal.PrefixI
                                                 'GHC.Types.False)
                                              (GHC.Generics.Internal.U1 @k))



==================== Derived instances ====================

Derived type family instances:
  type GHC.Generics.Internal.Rep
         (T10604_deriving.Wrap a) = GHC.Generics.Internal.D1
                                      @{*}
                                      ('GHC.Generics.Internal.MetaData
                                         "Wrap" "T10604_deriving" "main" 'GHC.Types.False)
                                      (GHC.Generics.Internal.C1
                                         @{*}
                                         ('GHC.Generics.Internal.MetaCons
                                            "Wrap" 'GHC.Generics.Internal.PrefixI 'GHC.Types.False)
                                         (GHC.Generics.Internal.S1
                                            @{*}
                                            ('GHC.Generics.Internal.MetaSel
                                               ('GHC.Maybe.Nothing @GHC.Types.Symbol)
                                               'GHC.Generics.Internal.NoSourceUnpackedness
                                               'GHC.Generics.Internal.NoSourceStrictness
                                               'GHC.Generics.Internal.DecidedLazy)
                                            (GHC.Generics.Internal.Rec0
                                               @{*} (T10604_deriving.Proxy @(* -> *) a))))
  type GHC.Generics.Internal.Rep1
         @(* -> *) T10604_deriving.Wrap = GHC.Generics.Internal.D1
                                            @{* -> *}
                                            ('GHC.Generics.Internal.MetaData
                                               "Wrap" "T10604_deriving" "main" 'GHC.Types.False)
                                            (GHC.Generics.Internal.C1
                                               @{* -> *}
                                               ('GHC.Generics.Internal.MetaCons
                                                  "Wrap"
                                                  'GHC.Generics.Internal.PrefixI
                                                  'GHC.Types.False)
                                               (GHC.Generics.Internal.S1
                                                  @{* -> *}
                                                  ('GHC.Generics.Internal.MetaSel
                                                     ('GHC.Maybe.Nothing @GHC.Types.Symbol)
                                                     'GHC.Generics.Internal.NoSourceUnpackedness
                                                     'GHC.Generics.Internal.NoSourceStrictness
                                                     'GHC.Generics.Internal.DecidedLazy)
                                                  (GHC.Generics.Internal.Rec1
                                                     @(* -> *) (T10604_deriving.Proxy @(* -> *)))))



==================== Derived instances ====================

Derived type family instances:
  type GHC.Generics.Internal.Rep
         (T10604_deriving.Wrap2 @k a) = GHC.Generics.Internal.D1
                                          @{*}
                                          ('GHC.Generics.Internal.MetaData
                                             "Wrap2" "T10604_deriving" "main" 'GHC.Types.False)
                                          (GHC.Generics.Internal.C1
                                             @{*}
                                             ('GHC.Generics.Internal.MetaCons
                                                "Wrap2"
                                                'GHC.Generics.Internal.PrefixI
                                                'GHC.Types.False)
                                             (GHC.Generics.Internal.S1
                                                @{*}
                                                ('GHC.Generics.Internal.MetaSel
                                                   ('GHC.Maybe.Nothing @GHC.Types.Symbol)
                                                   'GHC.Generics.Internal.NoSourceUnpackedness
                                                   'GHC.Generics.Internal.NoSourceStrictness
                                                   'GHC.Generics.Internal.DecidedLazy)
                                                (GHC.Generics.Internal.Rec0
                                                   @{*}
                                                   (T10604_deriving.Proxy
                                                      @(*) (T10604_deriving.Proxy @(k -> *) a)))))
  type GHC.Generics.Internal.Rep1
         @(k -> *) (T10604_deriving.Wrap2 @k) = GHC.Generics.Internal.D1
                                                  @{k -> *}
                                                  ('GHC.Generics.Internal.MetaData
                                                     "Wrap2"
                                                     "T10604_deriving"
                                                     "main"
                                                     'GHC.Types.False)
                                                  (GHC.Generics.Internal.C1
                                                     @{k -> *}
                                                     ('GHC.Generics.Internal.MetaCons
                                                        "Wrap2"
                                                        'GHC.Generics.Internal.PrefixI
                                                        'GHC.Types.False)
                                                     (GHC.Generics.Internal.S1
                                                        @{k -> *}
                                                        ('GHC.Generics.Internal.MetaSel
                                                           ('GHC.Maybe.Nothing @GHC.Types.Symbol)
                                                           'GHC.Generics.Internal.NoSourceUnpackedness
                                                           'GHC.Generics.Internal.NoSourceStrictness
                                                           'GHC.Generics.Internal.DecidedLazy)
                                                        ((GHC.Generics.Internal.:.:)
                                                           @(*)
                                                           @(k -> *)
                                                           (T10604_deriving.Proxy @(*))
                                                           (GHC.Generics.Internal.Rec1
                                                              @(k -> *)
                                                              (T10604_deriving.Proxy @(k -> *))))))



==================== Derived instances ====================

Derived type family instances:
  type GHC.Generics.Internal.Rep
         (T10604_deriving.SumOfProducts @{k} a) = GHC.Generics.Internal.D1
                                                    @{*}
                                                    ('GHC.Generics.Internal.MetaData
                                                       "SumOfProducts"
                                                       "T10604_deriving"
                                                       "main"
                                                       'GHC.Types.False)
                                                    ((GHC.Generics.Internal.:+:)
                                                       @(*)
                                                       (GHC.Generics.Internal.C1
                                                          @{*}
                                                          ('GHC.Generics.Internal.MetaCons
                                                             "Prod1"
                                                             'GHC.Generics.Internal.PrefixI
                                                             'GHC.Types.False)
                                                          ((GHC.Generics.Internal.:*:)
                                                             @(*)
                                                             (GHC.Generics.Internal.S1
                                                                @{*}
                                                                ('GHC.Generics.Internal.MetaSel
                                                                   ('GHC.Maybe.Nothing
                                                                      @GHC.Types.Symbol)
                                                                   'GHC.Generics.Internal.NoSourceUnpackedness
                                                                   'GHC.Generics.Internal.NoSourceStrictness
                                                                   'GHC.Generics.Internal.DecidedLazy)
                                                                (GHC.Generics.Internal.Rec0
                                                                   @{*}
                                                                   (T10604_deriving.Proxy @k a)))
                                                             (GHC.Generics.Internal.S1
                                                                @{*}
                                                                ('GHC.Generics.Internal.MetaSel
                                                                   ('GHC.Maybe.Nothing
                                                                      @GHC.Types.Symbol)
                                                                   'GHC.Generics.Internal.NoSourceUnpackedness
                                                                   'GHC.Generics.Internal.NoSourceStrictness
                                                                   'GHC.Generics.Internal.DecidedLazy)
                                                                (GHC.Generics.Internal.Rec0
                                                                   @{*}
                                                                   (T10604_deriving.Proxy @k a)))))
                                                       (GHC.Generics.Internal.C1
                                                          @{*}
                                                          ('GHC.Generics.Internal.MetaCons
                                                             "Prod2"
                                                             'GHC.Generics.Internal.PrefixI
                                                             'GHC.Types.False)
                                                          ((GHC.Generics.Internal.:*:)
                                                             @(*)
                                                             (GHC.Generics.Internal.S1
                                                                @{*}
                                                                ('GHC.Generics.Internal.MetaSel
                                                                   ('GHC.Maybe.Nothing
                                                                      @GHC.Types.Symbol)
                                                                   'GHC.Generics.Internal.NoSourceUnpackedness
                                                                   'GHC.Generics.Internal.NoSourceStrictness
                                                                   'GHC.Generics.Internal.DecidedLazy)
                                                                (GHC.Generics.Internal.Rec0
                                                                   @{*}
                                                                   (T10604_deriving.Proxy @k a)))
                                                             (GHC.Generics.Internal.S1
                                                                @{*}
                                                                ('GHC.Generics.Internal.MetaSel
                                                                   ('GHC.Maybe.Nothing
                                                                      @GHC.Types.Symbol)
                                                                   'GHC.Generics.Internal.NoSourceUnpackedness
                                                                   'GHC.Generics.Internal.NoSourceStrictness
                                                                   'GHC.Generics.Internal.DecidedLazy)
                                                                (GHC.Generics.Internal.Rec0
                                                                   @{*}
                                                                   (T10604_deriving.Proxy @k a))))))
  type GHC.Generics.Internal.Rep1
         @k (T10604_deriving.SumOfProducts @{k}) = GHC.Generics.Internal.D1
                                                     @{k}
                                                     ('GHC.Generics.Internal.MetaData
                                                        "SumOfProducts"
                                                        "T10604_deriving"
                                                        "main"
                                                        'GHC.Types.False)
                                                     ((GHC.Generics.Internal.:+:)
                                                        @k
                                                        (GHC.Generics.Internal.C1
                                                           @{k}
                                                           ('GHC.Generics.Internal.MetaCons
                                                              "Prod1"
                                                              'GHC.Generics.Internal.PrefixI
                                                              'GHC.Types.False)
                                                           ((GHC.Generics.Internal.:*:)
                                                              @k
                                                              (GHC.Generics.Internal.S1
                                                                 @{k}
                                                                 ('GHC.Generics.Internal.MetaSel
                                                                    ('GHC.Maybe.Nothing
                                                                       @GHC.Types.Symbol)
                                                                    'GHC.Generics.Internal.NoSourceUnpackedness
                                                                    'GHC.Generics.Internal.NoSourceStrictness
                                                                    'GHC.Generics.Internal.DecidedLazy)
                                                                 (GHC.Generics.Internal.Rec1
                                                                    @k (T10604_deriving.Proxy @k)))
                                                              (GHC.Generics.Internal.S1
                                                                 @{k}
                                                                 ('GHC.Generics.Internal.MetaSel
                                                                    ('GHC.Maybe.Nothing
                                                                       @GHC.Types.Symbol)
                                                                    'GHC.Generics.Internal.NoSourceUnpackedness
                                                                    'GHC.Generics.Internal.NoSourceStrictness
                                                                    'GHC.Generics.Internal.DecidedLazy)
                                                                 (GHC.Generics.Internal.Rec1
                                                                    @k
                                                                    (T10604_deriving.Proxy @k)))))
                                                        (GHC.Generics.Internal.C1
                                                           @{k}
                                                           ('GHC.Generics.Internal.MetaCons
                                                              "Prod2"
                                                              'GHC.Generics.Internal.PrefixI
                                                              'GHC.Types.False)
                                                           ((GHC.Generics.Internal.:*:)
                                                              @k
                                                              (GHC.Generics.Internal.S1
                                                                 @{k}
                                                                 ('GHC.Generics.Internal.MetaSel
                                                                    ('GHC.Maybe.Nothing
                                                                       @GHC.Types.Symbol)
                                                                    'GHC.Generics.Internal.NoSourceUnpackedness
                                                                    'GHC.Generics.Internal.NoSourceStrictness
                                                                    'GHC.Generics.Internal.DecidedLazy)
                                                                 (GHC.Generics.Internal.Rec1
                                                                    @k (T10604_deriving.Proxy @k)))
                                                              (GHC.Generics.Internal.S1
                                                                 @{k}
                                                                 ('GHC.Generics.Internal.MetaSel
                                                                    ('GHC.Maybe.Nothing
                                                                       @GHC.Types.Symbol)
                                                                    'GHC.Generics.Internal.NoSourceUnpackedness
                                                                    'GHC.Generics.Internal.NoSourceStrictness
                                                                    'GHC.Generics.Internal.DecidedLazy)
                                                                 (GHC.Generics.Internal.Rec1
                                                                    @k
                                                                    (T10604_deriving.Proxy @k))))))



==================== Derived instances ====================

Derived type family instances:
  type GHC.Generics.Internal.Rep
         (T10604_deriving.Starify a) = GHC.Generics.Internal.D1
                                         @{*}
                                         ('GHC.Generics.Internal.MetaData
                                            "Starify" "T10604_deriving" "main" 'GHC.Types.False)
                                         ((GHC.Generics.Internal.:+:)
                                            @(*)
                                            (GHC.Generics.Internal.C1
                                               @{*}
                                               ('GHC.Generics.Internal.MetaCons
                                                  "Starify1"
                                                  'GHC.Generics.Internal.PrefixI
                                                  'GHC.Types.False)
                                               (GHC.Generics.Internal.S1
                                                  @{*}
                                                  ('GHC.Generics.Internal.MetaSel
                                                     ('GHC.Maybe.Nothing @GHC.Types.Symbol)
                                                     'GHC.Generics.Internal.NoSourceUnpackedness
                                                     'GHC.Generics.Internal.NoSourceStrictness
                                                     'GHC.Generics.Internal.DecidedLazy)
                                                  (GHC.Generics.Internal.Rec0 @{*} a)))
                                            (GHC.Generics.Internal.C1
                                               @{*}
                                               ('GHC.Generics.Internal.MetaCons
                                                  "Starify2"
                                                  'GHC.Generics.Internal.PrefixI
                                                  'GHC.Types.False)
                                               (GHC.Generics.Internal.S1
                                                  @{*}
                                                  ('GHC.Generics.Internal.MetaSel
                                                     ('GHC.Maybe.Nothing @GHC.Types.Symbol)
                                                     'GHC.Generics.Internal.NoSourceUnpackedness
                                                     'GHC.Generics.Internal.NoSourceStrictness
                                                     'GHC.Generics.Internal.DecidedLazy)
                                                  (GHC.Generics.Internal.Rec0 @{*} GHC.Types.Int))))
  type GHC.Generics.Internal.Rep1
         @(*) T10604_deriving.Starify = GHC.Generics.Internal.D1
                                          @{*}
                                          ('GHC.Generics.Internal.MetaData
                                             "Starify" "T10604_deriving" "main" 'GHC.Types.False)
                                          ((GHC.Generics.Internal.:+:)
                                             @(*)
                                             (GHC.Generics.Internal.C1
                                                @{*}
                                                ('GHC.Generics.Internal.MetaCons
                                                   "Starify1"
                                                   'GHC.Generics.Internal.PrefixI
                                                   'GHC.Types.False)
                                                (GHC.Generics.Internal.S1
                                                   @{*}
                                                   ('GHC.Generics.Internal.MetaSel
                                                      ('GHC.Maybe.Nothing @GHC.Types.Symbol)
                                                      'GHC.Generics.Internal.NoSourceUnpackedness
                                                      'GHC.Generics.Internal.NoSourceStrictness
                                                      'GHC.Generics.Internal.DecidedLazy)
                                                   GHC.Generics.Internal.Par1))
                                             (GHC.Generics.Internal.C1
                                                @{*}
                                                ('GHC.Generics.Internal.MetaCons
                                                   "Starify2"
                                                   'GHC.Generics.Internal.PrefixI
                                                   'GHC.Types.False)
                                                (GHC.Generics.Internal.S1
                                                   @{*}
                                                   ('GHC.Generics.Internal.MetaSel
                                                      ('GHC.Maybe.Nothing @GHC.Types.Symbol)
                                                      'GHC.Generics.Internal.NoSourceUnpackedness
                                                      'GHC.Generics.Internal.NoSourceStrictness
                                                      'GHC.Generics.Internal.DecidedLazy)
                                                   (GHC.Generics.Internal.Rec0
                                                      @{*} GHC.Types.Int))))



==================== Derived instances ====================
Derived class instances:
  instance GHC.Generics.Internal.Generic
             (T10604_deriving.Starify a) where
    GHC.Generics.Internal.from x
      = GHC.Generics.Internal.M1
          (case x of
             T10604_deriving.Starify1 g1
               -> GHC.Generics.Internal.L1
                    (GHC.Generics.Internal.M1
                       (GHC.Generics.Internal.M1 (GHC.Generics.Internal.K1 g1)))
             T10604_deriving.Starify2 g1
               -> GHC.Generics.Internal.R1
                    (GHC.Generics.Internal.M1
                       (GHC.Generics.Internal.M1 (GHC.Generics.Internal.K1 g1))))
    GHC.Generics.Internal.to (GHC.Generics.Internal.M1 x)
      = case x of
          (GHC.Generics.Internal.L1 (GHC.Generics.Internal.M1 (GHC.Generics.Internal.M1 (GHC.Generics.Internal.K1 g1))))
            -> T10604_deriving.Starify1 g1
          (GHC.Generics.Internal.R1 (GHC.Generics.Internal.M1 (GHC.Generics.Internal.M1 (GHC.Generics.Internal.K1 g1))))
            -> T10604_deriving.Starify2 g1
  
  instance GHC.Generics.Internal.Generic1
             @(*) T10604_deriving.Starify where
    GHC.Generics.Internal.from1 x
      = GHC.Generics.Internal.M1
          (case x of
             T10604_deriving.Starify1 g1
               -> GHC.Generics.Internal.L1
                    (GHC.Generics.Internal.M1
                       (GHC.Generics.Internal.M1 (GHC.Generics.Internal.Par1 g1)))
             T10604_deriving.Starify2 g1
               -> GHC.Generics.Internal.R1
                    (GHC.Generics.Internal.M1
                       (GHC.Generics.Internal.M1 (GHC.Generics.Internal.K1 g1))))
    GHC.Generics.Internal.to1 (GHC.Generics.Internal.M1 x)
      = case x of
          (GHC.Generics.Internal.L1 (GHC.Generics.Internal.M1 (GHC.Generics.Internal.M1 g1)))
            -> T10604_deriving.Starify1 (GHC.Generics.Internal.unPar1 g1)
          (GHC.Generics.Internal.R1 (GHC.Generics.Internal.M1 (GHC.Generics.Internal.M1 g1)))
            -> T10604_deriving.Starify2 (GHC.Generics.Internal.unK1 g1)
  
  instance forall k (a :: k).
           GHC.Generics.Internal.Generic
             (T10604_deriving.SumOfProducts @{k} a) where
    GHC.Generics.Internal.from x
      = GHC.Generics.Internal.M1
          (case x of
             T10604_deriving.Prod1 g1 g2
               -> GHC.Generics.Internal.L1
                    (GHC.Generics.Internal.M1
                       ((GHC.Generics.Internal.:*:)
                          (GHC.Generics.Internal.M1 (GHC.Generics.Internal.K1 g1))
                          (GHC.Generics.Internal.M1 (GHC.Generics.Internal.K1 g2))))
             T10604_deriving.Prod2 g1 g2
               -> GHC.Generics.Internal.R1
                    (GHC.Generics.Internal.M1
                       ((GHC.Generics.Internal.:*:)
                          (GHC.Generics.Internal.M1 (GHC.Generics.Internal.K1 g1))
                          (GHC.Generics.Internal.M1 (GHC.Generics.Internal.K1 g2)))))
    GHC.Generics.Internal.to (GHC.Generics.Internal.M1 x)
      = case x of
          (GHC.Generics.Internal.L1 (GHC.Generics.Internal.M1 ((GHC.Generics.Internal.:*:) (GHC.Generics.Internal.M1 (GHC.Generics.Internal.K1 g1))
                                                                                           (GHC.Generics.Internal.M1 (GHC.Generics.Internal.K1 g2)))))
            -> T10604_deriving.Prod1 g1 g2
          (GHC.Generics.Internal.R1 (GHC.Generics.Internal.M1 ((GHC.Generics.Internal.:*:) (GHC.Generics.Internal.M1 (GHC.Generics.Internal.K1 g1))
                                                                                           (GHC.Generics.Internal.M1 (GHC.Generics.Internal.K1 g2)))))
            -> T10604_deriving.Prod2 g1 g2
  
  instance GHC.Generics.Internal.Generic1
             @k (T10604_deriving.SumOfProducts @{k}) where
    GHC.Generics.Internal.from1 x
      = GHC.Generics.Internal.M1
          (case x of
             T10604_deriving.Prod1 g1 g2
               -> GHC.Generics.Internal.L1
                    (GHC.Generics.Internal.M1
                       ((GHC.Generics.Internal.:*:)
                          (GHC.Generics.Internal.M1 (GHC.Generics.Internal.Rec1 g1))
                          (GHC.Generics.Internal.M1 (GHC.Generics.Internal.Rec1 g2))))
             T10604_deriving.Prod2 g1 g2
               -> GHC.Generics.Internal.R1
                    (GHC.Generics.Internal.M1
                       ((GHC.Generics.Internal.:*:)
                          (GHC.Generics.Internal.M1 (GHC.Generics.Internal.Rec1 g1))
                          (GHC.Generics.Internal.M1 (GHC.Generics.Internal.Rec1 g2)))))
    GHC.Generics.Internal.to1 (GHC.Generics.Internal.M1 x)
      = case x of
          (GHC.Generics.Internal.L1 (GHC.Generics.Internal.M1 ((GHC.Generics.Internal.:*:) (GHC.Generics.Internal.M1 g1)
                                                                                           (GHC.Generics.Internal.M1 g2))))
            -> T10604_deriving.Prod1
                 (GHC.Generics.Internal.unRec1 g1) (GHC.Generics.Internal.unRec1 g2)
          (GHC.Generics.Internal.R1 (GHC.Generics.Internal.M1 ((GHC.Generics.Internal.:*:) (GHC.Generics.Internal.M1 g1)
                                                                                           (GHC.Generics.Internal.M1 g2))))
            -> T10604_deriving.Prod2
                 (GHC.Generics.Internal.unRec1 g1) (GHC.Generics.Internal.unRec1 g2)
  
  instance forall k (a :: k -> *).
           GHC.Generics.Internal.Generic (T10604_deriving.Wrap2 @k a) where
    GHC.Generics.Internal.from x
      = GHC.Generics.Internal.M1
          (case x of
             T10604_deriving.Wrap2 g1
               -> GHC.Generics.Internal.M1
                    (GHC.Generics.Internal.M1 (GHC.Generics.Internal.K1 g1)))
    GHC.Generics.Internal.to (GHC.Generics.Internal.M1 x)
      = case x of
          (GHC.Generics.Internal.M1 (GHC.Generics.Internal.M1 (GHC.Generics.Internal.K1 g1)))
            -> T10604_deriving.Wrap2 g1
  
  instance GHC.Generics.Internal.Generic1
             @(k -> *) (T10604_deriving.Wrap2 @k) where
    GHC.Generics.Internal.from1 x
      = GHC.Generics.Internal.M1
          (case x of
             T10604_deriving.Wrap2 g1
               -> GHC.Generics.Internal.M1
                    (GHC.Generics.Internal.M1
                       ((GHC.Base..)
                          GHC.Generics.Internal.Comp1
                          (GHC.Base.fmap GHC.Generics.Internal.Rec1) g1)))
    GHC.Generics.Internal.to1 (GHC.Generics.Internal.M1 x)
      = case x of
          (GHC.Generics.Internal.M1 (GHC.Generics.Internal.M1 g1))
            -> T10604_deriving.Wrap2
                 ((GHC.Base..)
                    (GHC.Base.fmap GHC.Generics.Internal.unRec1)
                    GHC.Generics.Internal.unComp1 g1)
  
  instance GHC.Generics.Internal.Generic
             (T10604_deriving.Wrap a) where
    GHC.Generics.Internal.from x
      = GHC.Generics.Internal.M1
          (case x of
             T10604_deriving.Wrap g1
               -> GHC.Generics.Internal.M1
                    (GHC.Generics.Internal.M1 (GHC.Generics.Internal.K1 g1)))
    GHC.Generics.Internal.to (GHC.Generics.Internal.M1 x)
      = case x of
          (GHC.Generics.Internal.M1 (GHC.Generics.Internal.M1 (GHC.Generics.Internal.K1 g1)))
            -> T10604_deriving.Wrap g1
  
  instance GHC.Generics.Internal.Generic1
             @(* -> *) T10604_deriving.Wrap where
    GHC.Generics.Internal.from1 x
      = GHC.Generics.Internal.M1
          (case x of
             T10604_deriving.Wrap g1
               -> GHC.Generics.Internal.M1
                    (GHC.Generics.Internal.M1 (GHC.Generics.Internal.Rec1 g1)))
    GHC.Generics.Internal.to1 (GHC.Generics.Internal.M1 x)
      = case x of
          (GHC.Generics.Internal.M1 (GHC.Generics.Internal.M1 g1))
            -> T10604_deriving.Wrap (GHC.Generics.Internal.unRec1 g1)
  
  instance GHC.Base.Functor (T10604_deriving.Proxy @(*)) where
    GHC.Base.fmap _ = GHC.Prim.coerce
  
  instance forall k (a :: k).
           GHC.Generics.Internal.Generic (T10604_deriving.Proxy @k a) where
    GHC.Generics.Internal.from x
      = GHC.Generics.Internal.M1
          (case x of
             T10604_deriving.Proxy
               -> GHC.Generics.Internal.M1 GHC.Generics.Internal.U1)
    GHC.Generics.Internal.to (GHC.Generics.Internal.M1 x)
      = case x of
          (GHC.Generics.Internal.M1 GHC.Generics.Internal.U1)
            -> T10604_deriving.Proxy
  
  instance GHC.Generics.Internal.Generic1
             @k (T10604_deriving.Proxy @k) where
    GHC.Generics.Internal.from1 x
      = GHC.Generics.Internal.M1
          (case x of
             T10604_deriving.Proxy
               -> GHC.Generics.Internal.M1 GHC.Generics.Internal.U1)
    GHC.Generics.Internal.to1 (GHC.Generics.Internal.M1 x)
      = case x of
          (GHC.Generics.Internal.M1 GHC.Generics.Internal.U1)
            -> T10604_deriving.Proxy
  
  instance GHC.Generics.Internal.Generic
             (T10604_deriving.Empty a) where
    GHC.Generics.Internal.from x
      = GHC.Generics.Internal.M1 (case x of x -> case x of {})
    GHC.Generics.Internal.to (GHC.Generics.Internal.M1 x)
      = case x of x -> case x of {}
  
  instance GHC.Generics.Internal.Generic1
             @GHC.Types.Bool T10604_deriving.Empty where
    GHC.Generics.Internal.from1 x
      = GHC.Generics.Internal.M1 (case x of x -> case x of {})
    GHC.Generics.Internal.to1 (GHC.Generics.Internal.M1 x)
      = case x of x -> case x of {}
  



==================== Filling in method body ====================
GHC.Base.Functor [T10604_deriving.Proxy @(*)]
  GHC.Base.<$ = GHC.Base.$dm<$ @(T10604_deriving.Proxy @(*))


