[1 of 2] Processing p
  [1 of 1] Compiling ShouldFail[sig]  ( p\ShouldFail.hsig, nothing )
[2 of 2] Processing q
  Instantiating q
  [1 of 1] Including p[ShouldFail=ghc-internal-0.1.0.0:Data.STRef]
    Instantiating p[ShouldFail=ghc-internal-0.1.0.0:Data.STRef]
    [1 of 1] Compiling ShouldFail[sig]  ( p/ShouldFail.hsig, bkpfail19.out/p/p-AAeM6X4X4bg9MUCBIPl3zQ/ShouldFail.o )

<no location info>: error: [GHC-12424]
    • The hsig file (re)exports ‘Data.STRef.Lazy.newSTRef’
      but the implementing module exports a different identifier ‘GHC.STRef.newSTRef’
    • While checking that ‘Data.STRef’ implements signature ‘ShouldFail’ in ‘p[ShouldFail=Data.STRef]’.
