dsrun008: dsrun008.hs:2:32-36: Non-exhaustive patterns in (2, x)

