Info Table Provenance Entries (IPE) backtrace:
 Main.throwExceptionInScrutinee: throwIOWithIPEStack.hs:22:43-57